[2026-05-27 14:29:03] ================================================================================
[2026-05-27 14:29:03] Starting nightly retraining...
[2026-05-27 14:29:03] Found 4 training images in 3 classes
[2026-05-27 14:29:03] Dataset loaded: 4 images, 3 classes
[2026-05-27 14:29:03] Classes: guava, papaya, tikki
[2026-05-27 14:29:04] Model loaded. Classes in model: 3
[2026-05-27 14:29:05] ERROR: CUDA out of memory. Tried to allocate 80.00 MiB. GPU 0 has a total capacity of 4.00 GiB of which 2.67 GiB is free. Of the allocated memory 535.13 MiB is allocated by PyTorch, and 18.87 MiB is reserved by PyTorch but unallocated. If reserved but unallocated memory is large try setting PYTORCH_CUDA_ALLOC_CONF=expandable_segments:True to avoid fragmentation.  See documentation for Memory Management  (https://pytorch.org/docs/stable/notes/cuda.html#environment-variables)
[2026-05-27 14:29:05] Traceback (most recent call last):
  File "C:\Users\91875\Documents\FoodCalorieApp\foodscan\backend\retrain.py", line 187, in <module>
    retrain()
  File "C:\Users\91875\Documents\FoodCalorieApp\foodscan\backend\retrain.py", line 170, in retrain
    loss, acc = train_epoch(model, loader, criterion, optimizer)
                ^^^^^^^^^^^^^^^^^^^^^^^^^^^^^^^^^^^^^^^^^^^^^^^^
  File "C:\Users\91875\Documents\FoodCalorieApp\foodscan\backend\retrain.py", line 131, in train_epoch
    outputs = model(images)
              ^^^^^^^^^^^^^
  File "C:\Users\91875\AppData\Local\Programs\Python\Python312\Lib\site-packages\torch\nn\modules\module.py", line 1736, in _wrapped_call_impl
    return self._call_impl(*args, **kwargs)
           ^^^^^^^^^^^^^^^^^^^^^^^^^^^^^^^^
  File "C:\Users\91875\AppData\Local\Programs\Python\Python312\Lib\site-packages\torch\nn\modules\module.py", line 1747, in _call_impl
    return forward_call(*args, **kwargs)
           ^^^^^^^^^^^^^^^^^^^^^^^^^^^^^
  File "C:\Users\91875\AppData\Local\Programs\Python\Python312\Lib\site-packages\torchvision\models\efficientnet.py", line 343, in forward
    return self._forward_impl(x)
           ^^^^^^^^^^^^^^^^^^^^^
  File "C:\Users\91875\AppData\Local\Programs\Python\Python312\Lib\site-packages\torchvision\models\efficientnet.py", line 333, in _forward_impl
    x = self.features(x)
        ^^^^^^^^^^^^^^^^
  File "C:\Users\91875\AppData\Local\Programs\Python\Python312\Lib\site-packages\torch\nn\modules\module.py", line 1736, in _wrapped_call_impl
    return self._call_impl(*args, **kwargs)
           ^^^^^^^^^^^^^^^^^^^^^^^^^^^^^^^^
  File "C:\Users\91875\AppData\Local\Programs\Python\Python312\Lib\site-packages\torch\nn\modules\module.py", line 1747, in _call_impl
    return forward_call(*args, **kwargs)
           ^^^^^^^^^^^^^^^^^^^^^^^^^^^^^
  File "C:\Users\91875\AppData\Local\Programs\Python\Python312\Lib\site-packages\torch\nn\modules\container.py", line 250, in forward
    input = module(input)
            ^^^^^^^^^^^^^
  File "C:\Users\91875\AppData\Local\Programs\Python\Python312\Lib\site-packages\torch\nn\modules\module.py", line 1736, in _wrapped_call_impl
    return self._call_impl(*args, **kwargs)
           ^^^^^^^^^^^^^^^^^^^^^^^^^^^^^^^^
  File "C:\Users\91875\AppData\Local\Programs\Python\Python312\Lib\site-packages\torch\nn\modules\module.py", line 1747, in _call_impl
    return forward_call(*args, **kwargs)
           ^^^^^^^^^^^^^^^^^^^^^^^^^^^^^
  File "C:\Users\91875\AppData\Local\Programs\Python\Python312\Lib\site-packages\torch\nn\modules\container.py", line 250, in forward
    input = module(input)
            ^^^^^^^^^^^^^
  File "C:\Users\91875\AppData\Local\Programs\Python\Python312\Lib\site-packages\torch\nn\modules\module.py", line 1736, in _wrapped_call_impl
    return self._call_impl(*args, **kwargs)
           ^^^^^^^^^^^^^^^^^^^^^^^^^^^^^^^^
  File "C:\Users\91875\AppData\Local\Programs\Python\Python312\Lib\site-packages\torch\nn\modules\module.py", line 1747, in _call_impl
    return forward_call(*args, **kwargs)
           ^^^^^^^^^^^^^^^^^^^^^^^^^^^^^
  File "C:\Users\91875\AppData\Local\Programs\Python\Python312\Lib\site-packages\torchvision\models\efficientnet.py", line 164, in forward
    result = self.block(input)
             ^^^^^^^^^^^^^^^^^
  File "C:\Users\91875\AppData\Local\Programs\Python\Python312\Lib\site-packages\torch\nn\modules\module.py", line 1736, in _wrapped_call_impl
    return self._call_impl(*args, **kwargs)
           ^^^^^^^^^^^^^^^^^^^^^^^^^^^^^^^^
  File "C:\Users\91875\AppData\Local\Programs\Python\Python312\Lib\site-packages\torch\nn\modules\module.py", line 1747, in _call_impl
    return forward_call(*args, **kwargs)
           ^^^^^^^^^^^^^^^^^^^^^^^^^^^^^
  File "C:\Users\91875\AppData\Local\Programs\Python\Python312\Lib\site-packages\torch\nn\modules\container.py", line 250, in forward
    input = module(input)
            ^^^^^^^^^^^^^
  File "C:\Users\91875\AppData\Local\Programs\Python\Python312\Lib\site-packages\torch\nn\modules\module.py", line 1736, in _wrapped_call_impl
    return self._call_impl(*args, **kwargs)
           ^^^^^^^^^^^^^^^^^^^^^^^^^^^^^^^^
  File "C:\Users\91875\AppData\Local\Programs\Python\Python312\Lib\site-packages\torch\nn\modules\module.py", line 1747, in _call_impl
    return forward_call(*args, **kwargs)
           ^^^^^^^^^^^^^^^^^^^^^^^^^^^^^
  File "C:\Users\91875\AppData\Local\Programs\Python\Python312\Lib\site-packages\torch\nn\modules\container.py", line 250, in forward
    input = module(input)
            ^^^^^^^^^^^^^
  File "C:\Users\91875\AppData\Local\Programs\Python\Python312\Lib\site-packages\torch\nn\modules\module.py", line 1736, in _wrapped_call_impl
    return self._call_impl(*args, **kwargs)
           ^^^^^^^^^^^^^^^^^^^^^^^^^^^^^^^^
  File "C:\Users\91875\AppData\Local\Programs\Python\Python312\Lib\site-packages\torch\nn\modules\module.py", line 1747, in _call_impl
    return forward_call(*args, **kwargs)
           ^^^^^^^^^^^^^^^^^^^^^^^^^^^^^
  File "C:\Users\91875\AppData\Local\Programs\Python\Python312\Lib\site-packages\torch\nn\modules\activation.py", line 432, in forward
    return F.silu(input, inplace=self.inplace)
           ^^^^^^^^^^^^^^^^^^^^^^^^^^^^^^^^^^^
  File "C:\Users\91875\AppData\Local\Programs\Python\Python312\Lib\site-packages\torch\nn\functional.py", line 2379, in silu
    return torch._C._nn.silu_(input)
           ^^^^^^^^^^^^^^^^^^^^^^^^^
torch.OutOfMemoryError: CUDA out of memory. Tried to allocate 80.00 MiB. GPU 0 has a total capacity of 4.00 GiB of which 2.67 GiB is free. Of the allocated memory 535.13 MiB is allocated by PyTorch, and 18.87 MiB is reserved by PyTorch but unallocated. If reserved but unallocated memory is large try setting PYTORCH_CUDA_ALLOC_CONF=expandable_segments:True to avoid fragmentation.  See documentation for Memory Management  (https://pytorch.org/docs/stable/notes/cuda.html#environment-variables)

